copying file
running
0cortes: 3196599
1cortes: 48204
2cortes: 44633
3cortes: 42743
4cortes: 19924
5cortes: 19924
6cortes: 11496
7cortes: 1577
8cortes: 33
(int) 0
moving file
