copying file
running
0cortes: 3281618
1cortes: 48695
2cortes: 45083
3cortes: 43217
4cortes: 20329
5cortes: 20329
6cortes: 11643
7cortes: 1657
8cortes: 39
moving file
