copying file
running
0cortes: 3166960
1cortes: 46903
2cortes: 43488
3cortes: 41657
4cortes: 19414
5cortes: 19412
6cortes: 11105
7cortes: 1530
8cortes: 21
moving file
