copying file
running
0cortes: 3237605
1cortes: 46640
2cortes: 43255
3cortes: 41510
4cortes: 19436
5cortes: 19436
6cortes: 11436
7cortes: 1598
8cortes: 27
moving file
