copying file
running
0cortes: 2535049
1cortes: 39466
2cortes: 36557
3cortes: 35007
4cortes: 16232
5cortes: 16232
6cortes: 9311
7cortes: 1210
8cortes: 15
(int) 0
moving file
