copying file
running
0cortes: 1208728
1cortes: 17287
2cortes: 15968
3cortes: 15401
4cortes: 7301
5cortes: 7301
6cortes: 4328
7cortes: 606
8cortes: 4
moving file
