copying file
running
0cortes: 3366721
1cortes: 46935
2cortes: 43642
3cortes: 41995
4cortes: 19406
5cortes: 19405
6cortes: 11592
7cortes: 1596
8cortes: 16
moving file
