copying file
running
0cortes: 3292867
1cortes: 48700
2cortes: 45274
3cortes: 43466
4cortes: 20258
5cortes: 20258
6cortes: 11605
7cortes: 1629
8cortes: 18
moving file
