copying file
running
Loaded 18964805 pileup events.
Total number of events: 802987
Pileup sample increment: 23
0cortes: 802987
1cortes: 18132
2cortes: 17825
3cortes: 17489
4cortes: 8004
5cortes: 8004
6cortes: 6948
7cortes: 1382
8cortes: 6
 FCN=40 FROM MIGRAD    STATUS=CONVERGED      43 CALLS          44 TOTAL
                     EDM=7.25442e-12    STRATEGY= 1      ERROR MATRIX ACCURATE 
  EXT PARAMETER                                   STEP         FIRST   
  NO.   NAME      VALUE            ERROR          SIZE      DERIVATIVE 
   1  p0          -9.38273e-02   1.73176e-01   1.87417e-05   6.26560e-04
   2  p1           1.34039e+00   2.47395e+00   2.67666e-04   4.40893e-05
 FCN=40.0002 FROM MIGRAD    STATUS=FAILED        156 CALLS         157 TOTAL
                     EDM=0.000285819    STRATEGY= 1      ERR MATRIX APPROXIMATE
  EXT PARAMETER                APPROXIMATE        STEP         FIRST   
  NO.   NAME      VALUE            ERROR          SIZE      DERIVATIVE 
   1  p0          -1.89403e+03   3.54640e+03   3.78533e-01   1.97330e-04
   2  p1           2.70782e+04   5.07404e+04   5.18986e+00   1.37994e-05
 FCN=40.0001 FROM MIGRAD    STATUS=CONVERGED      28 CALLS          29 TOTAL
                     EDM=1.25151e-08    STRATEGY= 1      ERROR MATRIX ACCURATE 
  EXT PARAMETER                                   STEP         FIRST   
  NO.   NAME      VALUE            ERROR          SIZE      DERIVATIVE 
   1  p0          -1.89475e+03   3.54520e+03   3.78532e-01   9.82163e-08
   2  p1           2.70679e+04   5.06457e+04   5.18987e+00   3.75611e-09
 FCN=40 FROM MIGRAD    STATUS=CONVERGED      28 CALLS          29 TOTAL
                     EDM=6.7203e-14    STRATEGY= 1      ERROR MATRIX ACCURATE 
  EXT PARAMETER                                   STEP         FIRST   
  NO.   NAME      VALUE            ERROR          SIZE      DERIVATIVE 
   1  p0          -1.89475e+03   3.54784e+03   3.78387e-01  -3.02822e-09
   2  p1           2.70679e+04   5.06834e+04   5.18078e+00  -2.11965e-10
 FCN=40 FROM MIGRAD    STATUS=CONVERGED      37 CALLS          38 TOTAL
                     EDM=2.05439e-12    STRATEGY= 1      ERROR MATRIX ACCURATE 
  EXT PARAMETER                                   STEP         FIRST   
  NO.   NAME      VALUE            ERROR          SIZE      DERIVATIVE 
   1  p0          -1.89475e+03   3.54815e+03   3.78387e-01   1.14392e-08
   2  p1           2.70679e+04   5.06878e+04   5.18077e+00   7.71074e-10
 FCN=40 FROM MIGRAD    STATUS=CONVERGED      24 CALLS          25 TOTAL
                     EDM=4.81971e-13    STRATEGY= 1      ERROR MATRIX ACCURATE 
  EXT PARAMETER                                   STEP         FIRST   
  NO.   NAME      VALUE            ERROR          SIZE      DERIVATIVE 
   1  p0          -1.89475e+03   1.80353e+03   0.00000e+00   1.14392e-08
   2  p1           2.70679e+04   2.57647e+04  -0.00000e+00   8.02898e-10
 FCN=40 FROM MIGRAD    STATUS=CONVERGED      24 CALLS          25 TOTAL
                     EDM=5.83055e-13    STRATEGY= 1      ERROR MATRIX ACCURATE 
  EXT PARAMETER                                   STEP         FIRST   
  NO.   NAME      VALUE            ERROR          SIZE      DERIVATIVE 
   1  p0          -1.89475e+03   2.34398e+03   0.00000e+00   1.14392e-08
   2  p1           2.70679e+04   3.34855e+04  -0.00000e+00   8.18909e-10
 FCN=40 FROM MIGRAD    STATUS=CONVERGED      24 CALLS          25 TOTAL
                     EDM=6.47322e-13    STRATEGY= 1      ERROR MATRIX ACCURATE 
  EXT PARAMETER                                   STEP         FIRST   
  NO.   NAME      VALUE            ERROR          SIZE      DERIVATIVE 
   1  p0          -1.89475e+03   2.12778e+03  -0.00000e+00   1.14392e-08
   2  p1           2.70679e+04   3.03968e+04   0.00000e+00   7.72483e-10
(int) 0
moving file
