copying file
running
0cortes: 2887280
1cortes: 40613
2cortes: 37606
3cortes: 36258
4cortes: 16861
5cortes: 16861
6cortes: 10456
7cortes: 1400
8cortes: 19
moving file
