copying file
running
0cortes: 1454886
1cortes: 20616
2cortes: 19121
3cortes: 18308
4cortes: 8489
5cortes: 8489
6cortes: 4989
7cortes: 726
8cortes: 10
moving file
