copying file
running
0cortes: 2382511
1cortes: 36228
2cortes: 33610
3cortes: 32260
4cortes: 15007
5cortes: 15006
6cortes: 8647
7cortes: 1244
8cortes: 10
(int) 0
moving file
