copying file
running
0cortes: 3218969
1cortes: 48030
2cortes: 44673
3cortes: 42744
4cortes: 19999
5cortes: 19999
6cortes: 11571
7cortes: 1587
8cortes: 29
moving file
