copying file
running
0cortes: 3928100
1cortes: 55634
2cortes: 51667
3cortes: 49748
4cortes: 22966
5cortes: 22965
6cortes: 13898
7cortes: 2001
8cortes: 28
moving file
