copying file
running
0cortes: 2872237
1cortes: 44281
2cortes: 41091
3cortes: 39424
4cortes: 18288
5cortes: 18288
6cortes: 10551
7cortes: 1474
8cortes: 27
moving file
