copying file
running
0cortes: 2990198
1cortes: 45295
2cortes: 41983
3cortes: 40181
4cortes: 18855
5cortes: 18854
6cortes: 10812
7cortes: 1538
8cortes: 29
(int) 0
moving file
