copying file
running
Loaded 18964805 pileup events.
Total number of events: 803395
Pileup sample increment: 23
0cortes: 803395
1cortes: 17989
2cortes: 17688
3cortes: 17391
4cortes: 8000
5cortes: 8000
6cortes: 6929
7cortes: 1338
8cortes: 7
 FCN=40 FROM MIGRAD    STATUS=CONVERGED      43 CALLS          44 TOTAL
                     EDM=7.25442e-12    STRATEGY= 1      ERROR MATRIX ACCURATE 
  EXT PARAMETER                                   STEP         FIRST   
  NO.   NAME      VALUE            ERROR          SIZE      DERIVATIVE 
   1  p0          -9.38273e-02   1.73176e-01   1.87417e-05   6.26560e-04
   2  p1           1.34039e+00   2.47395e+00   2.67666e-04   4.40893e-05
 FCN=40 FROM MIGRAD    STATUS=CONVERGED      24 CALLS          25 TOTAL
                     EDM=3.52663e-12    STRATEGY= 1      ERROR MATRIX ACCURATE 
  EXT PARAMETER                                   STEP         FIRST   
  NO.   NAME      VALUE            ERROR          SIZE      DERIVATIVE 
   1  p0          -9.38273e-02   8.95113e-02  -0.00000e+00   6.26560e-04
   2  p1           1.34039e+00   1.27873e+00   0.00000e+00   4.37530e-05
 FCN=40 FROM MIGRAD    STATUS=CONVERGED      34 CALLS          35 TOTAL
                     EDM=2.74591e-13    STRATEGY= 1      ERROR MATRIX ACCURATE 
  EXT PARAMETER                                   STEP         FIRST   
  NO.   NAME      VALUE            ERROR          SIZE      DERIVATIVE 
   1  p0          -9.38273e-02   1.73214e-01   1.87417e-05   7.45757e-05
   2  p1           1.34039e+00   2.47448e+00   2.67738e-04   5.45603e-06
 FCN=40 FROM MIGRAD    STATUS=CONVERGED      24 CALLS          25 TOTAL
                     EDM=6.15645e-14    STRATEGY= 1      ERROR MATRIX ACCURATE 
  EXT PARAMETER                                   STEP         FIRST   
  NO.   NAME      VALUE            ERROR          SIZE      DERIVATIVE 
   1  p0          -9.38273e-02   8.95070e-02   0.00000e+00   7.45763e-05
   2  p1           1.34039e+00   1.27867e+00  -0.00000e+00   5.37711e-06
 FCN=40 FROM MIGRAD    STATUS=CONVERGED      24 CALLS          25 TOTAL
                     EDM=5.40879e-14    STRATEGY= 1      ERROR MATRIX ACCURATE 
  EXT PARAMETER                                   STEP         FIRST   
  NO.   NAME      VALUE            ERROR          SIZE      DERIVATIVE 
   1  p0          -9.38273e-02   1.15262e-01  -0.00000e+00   7.45763e-05
   2  p1           1.34039e+00   1.64660e+00   0.00000e+00   5.13525e-06
 FCN=40 FROM MIGRAD    STATUS=CONVERGED      37 CALLS          38 TOTAL
                     EDM=3.16019e-12    STRATEGY= 1  ERROR MATRIX UNCERTAINTY 100.0 per cent
  EXT PARAMETER                                   STEP         FIRST   
  NO.   NAME      VALUE            ERROR          SIZE      DERIVATIVE 
   1  p0          -9.38273e-02   3.30337e-02  -1.69906e-08   1.42020e-06
   2  p1           1.34039e+00   4.67471e-01   2.23947e-07  -2.26864e-06
 FCN=40 FROM MIGRAD    STATUS=CONVERGED      24 CALLS          25 TOTAL
                     EDM=1.90522e-14    STRATEGY= 1      ERROR MATRIX ACCURATE 
  EXT PARAMETER                                   STEP         FIRST   
  NO.   NAME      VALUE            ERROR          SIZE      DERIVATIVE 
   1  p0          -9.38273e-02   1.54625e-01   0.00000e+00   1.42017e-06
   2  p1           1.34039e+00   2.20893e+00  -0.00000e+00   2.24252e-07
 FCN=40 FROM MIGRAD    STATUS=CONVERGED      24 CALLS          25 TOTAL
                     EDM=1.78203e-13    STRATEGY= 1      ERROR MATRIX ACCURATE 
  EXT PARAMETER                                   STEP         FIRST   
  NO.   NAME      VALUE            ERROR          SIZE      DERIVATIVE 
   1  p0          -9.38273e-02   9.37292e-02  -0.00000e+00   1.42003e-06
   2  p1           1.34039e+00   1.33899e+00   0.00000e+00  -5.31308e-07
(int) 0
moving file
