copying file
running
0cortes: 2819373
1cortes: 43449
2cortes: 40422
3cortes: 38747
4cortes: 18112
5cortes: 18112
6cortes: 10262
7cortes: 1456
8cortes: 23
moving file
