copying file
running
0cortes: 3491988
1cortes: 49700
2cortes: 46160
3cortes: 44468
4cortes: 20741
5cortes: 20741
6cortes: 12482
7cortes: 1715
8cortes: 27
moving file
