copying file
running
0cortes: 3321641
1cortes: 47113
2cortes: 43703
3cortes: 41993
4cortes: 19486
5cortes: 19486
6cortes: 11669
7cortes: 1593
8cortes: 24
moving file
