copying file
running
0cortes: 3415797
1cortes: 48004
2cortes: 44551
3cortes: 42952
4cortes: 20026
5cortes: 20026
6cortes: 12067
7cortes: 1673
8cortes: 24
moving file
