copying file
running
Loaded 18964805 pileup events.
Total number of events: 693940
Pileup sample increment: 27
0cortes: 693940
1cortes: 15531
2cortes: 15244
3cortes: 14980
4cortes: 6788
5cortes: 6788
6cortes: 5888
7cortes: 1149
8cortes: 6
 FCN=40 FROM MIGRAD    STATUS=CONVERGED      43 CALLS          44 TOTAL
                     EDM=7.25442e-12    STRATEGY= 1      ERROR MATRIX ACCURATE 
  EXT PARAMETER                                   STEP         FIRST   
  NO.   NAME      VALUE            ERROR          SIZE      DERIVATIVE 
   1  p0          -9.38273e-02   1.73176e-01   1.87417e-05   6.26560e-04
   2  p1           1.34039e+00   2.47395e+00   2.67666e-04   4.40893e-05
 FCN=40.0016 FROM MIGRAD    STATUS=FAILED        115 CALLS         116 TOTAL
                     EDM=4.8184e-05    STRATEGY= 1      ERR MATRIX APPROXIMATE
  EXT PARAMETER                APPROXIMATE        STEP         FIRST   
  NO.   NAME      VALUE            ERROR          SIZE      DERIVATIVE 
   1  p0          -1.40971e+02   2.59586e+02   2.81507e-02  -1.04105e-03
   2  p1           2.01328e+03   3.70615e+03   4.01811e-01  -7.36605e-05
 FCN=40.0015 FROM MIGRAD    STATUS=CONVERGED      26 CALLS          27 TOTAL
                     EDM=4.02317e-06    STRATEGY= 1      ERROR MATRIX ACCURATE 
  EXT PARAMETER                                   STEP         FIRST   
  NO.   NAME      VALUE            ERROR          SIZE      DERIVATIVE 
   1  p0          -1.40950e+02   2.59572e+02   2.81507e-02   5.64614e-06
   2  p1           2.01359e+03   3.70817e+03   4.01813e-01  -3.69846e-07
 FCN=40 FROM MIGRAD    STATUS=CONVERGED      28 CALLS          29 TOTAL
                     EDM=5.75545e-13    STRATEGY= 1      ERROR MATRIX ACCURATE 
  EXT PARAMETER                                   STEP         FIRST   
  NO.   NAME      VALUE            ERROR          SIZE      DERIVATIVE 
   1  p0          -1.40951e+02   2.60145e+02   2.81545e-02   2.49029e-09
   2  p1           2.01358e+03   3.71636e+03   4.02114e-01  -1.14415e-10
 FCN=40 FROM MIGRAD    STATUS=CONVERGED      24 CALLS          25 TOTAL
                     EDM=4.46899e-15    STRATEGY= 1      ERROR MATRIX ACCURATE 
  EXT PARAMETER                                   STEP         FIRST   
  NO.   NAME      VALUE            ERROR          SIZE      DERIVATIVE 
   1  p0          -1.40951e+02   1.34480e+02   0.00000e+00   2.49017e-09
   2  p1           2.01358e+03   1.92115e+03  -0.00000e+00   2.42529e-10
 FCN=40 FROM MIGRAD    STATUS=CONVERGED      24 CALLS          25 TOTAL
                     EDM=8.73443e-16    STRATEGY= 1      ERROR MATRIX ACCURATE 
  EXT PARAMETER                                   STEP         FIRST   
  NO.   NAME      VALUE            ERROR          SIZE      DERIVATIVE 
   1  p0          -1.40951e+02   1.73153e+02  -0.00000e+00   2.49017e-09
   2  p1           2.01358e+03   2.47362e+03   0.00000e+00   1.51967e-10
 FCN=40 FROM MIGRAD    STATUS=CONVERGED      24 CALLS          25 TOTAL
                     EDM=1.9165e-14    STRATEGY= 1      ERROR MATRIX ACCURATE 
  EXT PARAMETER                                   STEP         FIRST   
  NO.   NAME      VALUE            ERROR          SIZE      DERIVATIVE 
   1  p0          -1.40951e+02   1.57899e+02  -0.00000e+00   2.49017e-09
   2  p1           2.01358e+03   2.25570e+03   0.00000e+00   5.16864e-11
 FCN=40 FROM MIGRAD    STATUS=CONVERGED      28 CALLS          29 TOTAL
                     EDM=7.84287e-13    STRATEGY= 1      ERROR MATRIX ACCURATE 
  EXT PARAMETER                                   STEP         FIRST   
  NO.   NAME      VALUE            ERROR          SIZE      DERIVATIVE 
   1  p0          -1.40951e+02   2.60142e+02   2.81544e-02   1.36074e-07
   2  p1           2.01358e+03   3.71632e+03   4.02106e-01   9.44975e-09
(int) 0
moving file
